../oled/Src/oled.c:40:6:OLED_Init	16	static
../oled/Src/oled.c:57:6:Oled_WriteCommand	16	static
../oled/Src/oled.c:68:6:Oled_WriteData	24	static
../oled/Src/oled.c:79:6:OLED_On	16	static
../oled/Src/oled.c:97:6:OLED_Clear	16	static
../oled/Src/oled.c:116:6:OLED_Display	8	static
../oled/Src/oled.c:128:6:OLED_EnDisplay	8	static
../oled/Src/oled.c:141:6:OLED_Set_Pos	16	static
../oled/Src/oled.c:154:14:oled_pow	24	static
../oled/Src/oled.c:172:6:OLED_ShowChar	32	static
../oled/Src/oled.c:224:6:OLED_ShowString	40	static
../oled/Src/oled.c:261:6:OLED_ShowNum	40	static
../oled/Src/oled.c:295:6:OLED_Showdecimal	48	static
../oled/Src/oled.c:349:6:OLED_ShowCHinese	32	static
../oled/Src/oled.c:383:6:OLED_DrawBMP	32	static
../oled/Src/oled.c:412:6:OLED_HorizontalShift	16	static
../oled/Src/oled.c:435:6:OLED_Some_HorizontalShift	16	static
../oled/Src/oled.c:456:6:OLED_VerticalAndHorizontalShift	16	static
../oled/Src/oled.c:477:6:OLED_DisplayMode	16	static
../oled/Src/oled.c:488:6:OLED_IntensityControl	16	static
